============================================================================
DMS Conversion Summary Log - GadgetsOnline Application
============================================================================
Migration Project ARN: arn:aws:dms:us-east-1:812756961751:migration-project:D2EE2K7HIVGZNMUDN2HU6AMQII
Database: GadgetsOnline
Source Schema: dbo
Region: us-east-1
Server: gadgetsonline-sqlserver.c6nek0euoyl0.us-east-1.rds.amazonaws.com
Timestamp: 2026-03-23T12:46:06 - 2026-03-23T12:51:32
============================================================================

SUMMARY:
  Total Statements Submitted to DMS: 15
  Successful Conversions: 0
  Failed Conversions: 15
  Common Error: Metadata model creation failed - No objects found per selection rules
  Fallback Action: Manual conversion with lowercase schema mapping
    (DMS_FAILURE_MANUAL_CONVERSION_WITH_LOWERCASE_SCHEMA)

============================================================================
STATEMENT-BY-STATEMENT DMS RESULTS
============================================================================

--- Statement 1 (a) ---
Input:  SELECT TOP(@count) * FROM dbo.Products;
Status: ERROR
Error:  Metadata model creation failed: {'error': "Metadata model creation failed: {'default_error_details': {'message': 'No objects were found according to the specified selection rules. Please review your selection rules and try again.'}}"}
Timestamp: 2026-03-23T12:46:06 -> 2026-03-23T12:46:19
Conversion Method: DMS_FAILURE_MANUAL_CONVERSION_WITH_LOWERCASE_SCHEMA
Manual Conversion: SELECT * FROM products LIMIT @count;

--- Statement 2 (b) ---
Input:  SELECT * FROM dbo.Categories;
Status: ERROR
Error:  Metadata model creation failed: {'error': "Metadata model creation failed: {'default_error_details': {'message': 'No objects were found according to the specified selection rules. Please review your selection rules and try again.'}}"}
Timestamp: 2026-03-23T12:46:29 -> 2026-03-23T12:46:42
Conversion Method: DMS_FAILURE_MANUAL_CONVERSION_WITH_LOWERCASE_SCHEMA
Manual Conversion: SELECT * FROM categories;

--- Statement 3 (c) ---
Input:  SELECT p.* FROM dbo.Products p INNER JOIN dbo.Categories c ON p.CategoryId = c.CategoryId WHERE c.Name = @category;
Status: ERROR
Error:  Metadata model creation failed: {'error': "Metadata model creation failed: {'default_error_details': {'message': 'No objects were found according to the specified selection rules. Please review your selection rules and try again.'}}"}
Timestamp: 2026-03-23T12:46:52 -> 2026-03-23T12:47:05
Conversion Method: DMS_FAILURE_MANUAL_CONVERSION_WITH_LOWERCASE_SCHEMA
Manual Conversion: SELECT p.* FROM products p INNER JOIN categories c ON p.categoryid = c.categoryid WHERE c.name = @category;

--- Statement 4 (d) ---
Input:  SELECT TOP 1 * FROM dbo.Products WHERE ProductId = @id;
Status: ERROR
Error:  Metadata model creation failed: {'error': "Metadata model creation failed: {'default_error_details': {'message': 'No objects were found according to the specified selection rules. Please review your selection rules and try again.'}}"}
Timestamp: 2026-03-23T12:47:15 -> 2026-03-23T12:47:28
Conversion Method: DMS_FAILURE_MANUAL_CONVERSION_WITH_LOWERCASE_SCHEMA
Manual Conversion: SELECT * FROM products WHERE productid = @id LIMIT 1;

--- Statement 5 (e) ---
Input:  SELECT TOP 1 Name FROM dbo.Products WHERE ProductId = @id;
Status: ERROR
Error:  Metadata model creation failed: {'error': "Metadata model creation failed: {'default_error_details': {'message': 'No objects were found according to the specified selection rules. Please review your selection rules and try again.'}}"}
Timestamp: 2026-03-23T12:47:36 -> 2026-03-23T12:47:49
Conversion Method: DMS_FAILURE_MANUAL_CONVERSION_WITH_LOWERCASE_SCHEMA
Manual Conversion: SELECT name FROM products WHERE productid = @id LIMIT 1;

--- Statement 6 (f) ---
Input:  SELECT * FROM dbo.Carts WHERE CartId = @cartId AND ProductId = @productId;
Status: ERROR
Error:  Metadata model creation failed: {'error': "Metadata model creation failed: {'default_error_details': {'message': 'No objects were found according to the specified selection rules. Please review your selection rules and try again.'}}"}
Timestamp: 2026-03-23T12:47:58 -> 2026-03-23T12:48:11
Conversion Method: DMS_FAILURE_MANUAL_CONVERSION_WITH_LOWERCASE_SCHEMA
Manual Conversion: SELECT * FROM carts WHERE cartid = @cartId AND productid = @productId;

--- Statement 7 (g) ---
Input:  INSERT INTO dbo.Carts (CartId, ProductId, Count, DateCreated) VALUES (@cartId, @productId, @count, @dateCreated);
Status: ERROR
Error:  Metadata model creation failed: {'error': "Metadata model creation failed: {'default_error_details': {'message': 'No objects were found according to the specified selection rules. Please review your selection rules and try again.'}}"}
Timestamp: 2026-03-23T12:48:22 -> 2026-03-23T12:48:35
Conversion Method: DMS_FAILURE_MANUAL_CONVERSION_WITH_LOWERCASE_SCHEMA
Manual Conversion: INSERT INTO carts (cartid, productid, count, datecreated) VALUES (@cartId, @productId, @count, @dateCreated);

--- Statement 8 (h) ---
Input:  SELECT * FROM dbo.Carts WHERE CartId = @cartId;
Status: ERROR
Error:  Metadata model creation failed: {'error': "Metadata model creation failed: {'default_error_details': {'message': 'No objects were found according to the specified selection rules. Please review your selection rules and try again.'}}"}
Timestamp: 2026-03-23T12:48:45 -> 2026-03-23T12:48:58
Conversion Method: DMS_FAILURE_MANUAL_CONVERSION_WITH_LOWERCASE_SCHEMA
Manual Conversion: SELECT * FROM carts WHERE cartid = @cartId;

--- Statement 9 (i) ---
Input:  SELECT SUM(Count) FROM dbo.Carts WHERE CartId = @cartId;
Status: ERROR
Error:  Metadata model creation failed: {'error': "Metadata model creation failed: {'default_error_details': {'message': 'No objects were found according to the specified selection rules. Please review your selection rules and try again.'}}"}
Timestamp: 2026-03-23T12:49:07 -> 2026-03-23T12:49:20
Conversion Method: DMS_FAILURE_MANUAL_CONVERSION_WITH_LOWERCASE_SCHEMA
Manual Conversion: SELECT SUM(count) FROM carts WHERE cartid = @cartId;

--- Statement 10 (j) ---
Input:  DELETE FROM dbo.Carts WHERE CartId = @cartId AND ProductId = @productId;
Status: ERROR
Error:  Metadata model creation failed: {'error': "Metadata model creation failed: {'default_error_details': {'message': 'No objects were found according to the specified selection rules. Please review your selection rules and try again.'}}"}
Timestamp: 2026-03-23T12:49:28 -> 2026-03-23T12:49:42
Conversion Method: DMS_FAILURE_MANUAL_CONVERSION_WITH_LOWERCASE_SCHEMA
Manual Conversion: DELETE FROM carts WHERE cartid = @cartId AND productid = @productId;

--- Statement 11 (k) ---
Input:  UPDATE dbo.Carts SET Count = Count - 1 WHERE CartId = @cartId AND ProductId = @productId;
Status: ERROR
Error:  Metadata model creation failed: {'error': "Metadata model creation failed: {'default_error_details': {'message': 'No objects were found according to the specified selection rules. Please review your selection rules and try again.'}}"}
Timestamp: 2026-03-23T12:49:51 -> 2026-03-23T12:50:04
Conversion Method: DMS_FAILURE_MANUAL_CONVERSION_WITH_LOWERCASE_SCHEMA
Manual Conversion: UPDATE carts SET count = count - 1 WHERE cartid = @cartId AND productid = @productId;

--- Statement 12 (l) ---
Input:  SELECT SUM(c.Count * p.Price) FROM dbo.Carts c INNER JOIN dbo.Products p ON c.ProductId = p.ProductId WHERE c.CartId = @cartId;
Status: ERROR
Error:  Metadata model creation failed: {'error': "Metadata model creation failed: {'default_error_details': {'message': 'No objects were found according to the specified selection rules. Please review your selection rules and try again.'}}"}
Timestamp: 2026-03-23T12:50:13 -> 2026-03-23T12:50:26
Conversion Method: DMS_FAILURE_MANUAL_CONVERSION_WITH_LOWERCASE_SCHEMA
Manual Conversion: SELECT SUM(c.count * p.price) FROM carts c INNER JOIN products p ON c.productid = p.productid WHERE c.cartid = @cartId;

--- Statement 13 (m) ---
Input:  INSERT INTO dbo.Orders (OrderDate, Username, FirstName, LastName, Address, City, State, PostalCode, Country, Phone, Email, Total) VALUES (@orderDate, @username, @firstName, @lastName, @address, @city, @state, @postalCode, @country, @phone, @email, @total);
Status: ERROR
Error:  Metadata model creation failed: {'error': "Metadata model creation failed: {'default_error_details': {'message': 'No objects were found according to the specified selection rules. Please review your selection rules and try again.'}}"}
Timestamp: 2026-03-23T12:50:35 -> 2026-03-23T12:50:48
Conversion Method: DMS_FAILURE_MANUAL_CONVERSION_WITH_LOWERCASE_SCHEMA
Manual Conversion: INSERT INTO orders (orderdate, username, firstname, lastname, address, city, state, postalcode, country, phone, email, total) VALUES (@orderDate, @username, @firstName, @lastName, @address, @city, @state, @postalCode, @country, @phone, @email, @total);

--- Statement 14 (n) ---
Input:  INSERT INTO dbo.OrderDetails (OrderId, ProductId, Quantity, UnitPrice) VALUES (@orderId, @productId, @quantity, @unitPrice);
Status: ERROR
Error:  Metadata model creation failed: {'error': "Metadata model creation failed: {'default_error_details': {'message': 'No objects were found according to the specified selection rules. Please review your selection rules and try again.'}}"}
Timestamp: 2026-03-23T12:50:57 -> 2026-03-23T12:51:10
Conversion Method: DMS_FAILURE_MANUAL_CONVERSION_WITH_LOWERCASE_SCHEMA
Manual Conversion: INSERT INTO orderdetails (orderid, productid, quantity, unitprice) VALUES (@orderId, @productId, @quantity, @unitPrice);

--- Statement 15 (o) ---
Input:  DELETE FROM dbo.Carts WHERE CartId = @cartId;
Status: ERROR
Error:  Metadata model creation failed: {'error': "Metadata model creation failed: {'default_error_details': {'message': 'No objects were found according to the specified selection rules. Please review your selection rules and try again.'}}"}
Timestamp: 2026-03-23T12:51:19 -> 2026-03-23T12:51:32
Conversion Method: DMS_FAILURE_MANUAL_CONVERSION_WITH_LOWERCASE_SCHEMA
Manual Conversion: DELETE FROM carts WHERE cartid = @cartId;

============================================================================
END OF DMS CONVERSION SUMMARY
============================================================================
